
  .   ____          _            __ _ _
 /\\ / ___'_ __ _ _(_)_ __  __ _ \ \ \ \
( ( )\___ | '_ | '_| | '_ \/ _` | \ \ \ \
 \\/  ___)| |_)| | | | | || (_| |  ) ) ) )
  '  |____| .__|_| |_|_| |_\__, | / / / /
 =========|_|==============|___/=/_/_/_/
 :: Spring Boot ::                (v3.1.5)

2026-01-06T15:58:03.386+09:00  INFO 34024 --- [           main] com.example.menu.MenuApplication         : Starting MenuApplication v0.0.1-SNAPSHOT using Java 17.0.17 with PID 34024 (C:\workspace\react\backend\build\libs\menu-backend-0.0.1-SNAPSHOT.jar started by uoshj in C:\workspace\react\backend)
2026-01-06T15:58:03.390+09:00  INFO 34024 --- [           main] com.example.menu.MenuApplication         : No active profile set, falling back to 1 default profile: "default"
2026-01-06T15:58:04.177+09:00  INFO 34024 --- [           main] .s.d.r.c.RepositoryConfigurationDelegate : Bootstrapping Spring Data JPA repositories in DEFAULT mode.
2026-01-06T15:58:04.277+09:00  INFO 34024 --- [           main] .s.d.r.c.RepositoryConfigurationDelegate : Finished Spring Data repository scanning in 68 ms. Found 1 JPA repository interfaces.
2026-01-06T15:58:05.268+09:00  INFO 34024 --- [           main] o.s.b.w.embedded.tomcat.TomcatWebServer  : Tomcat initialized with port(s): 8080 (http)
2026-01-06T15:58:05.275+09:00  INFO 34024 --- [           main] o.apache.catalina.core.StandardService   : Starting service [Tomcat]
2026-01-06T15:58:05.275+09:00  INFO 34024 --- [           main] o.apache.catalina.core.StandardEngine    : Starting Servlet engine: [Apache Tomcat/10.1.15]
2026-01-06T15:58:05.360+09:00  INFO 34024 --- [           main] o.a.c.c.C.[Tomcat].[localhost].[/]       : Initializing Spring embedded WebApplicationContext
2026-01-06T15:58:05.363+09:00  INFO 34024 --- [           main] w.s.c.ServletWebServerApplicationContext : Root WebApplicationContext: initialization completed in 1905 ms
2026-01-06T15:58:05.510+09:00  INFO 34024 --- [           main] com.zaxxer.hikari.HikariDataSource       : HikariPool-1 - Starting...
2026-01-06T15:58:05.856+09:00  INFO 34024 --- [           main] com.zaxxer.hikari.pool.HikariPool        : HikariPool-1 - Added connection org.postgresql.jdbc.PgConnection@4985cbcb
2026-01-06T15:58:05.858+09:00  INFO 34024 --- [           main] com.zaxxer.hikari.HikariDataSource       : HikariPool-1 - Start completed.
2026-01-06T15:58:05.966+09:00  INFO 34024 --- [           main] o.hibernate.jpa.internal.util.LogHelper  : HHH000204: Processing PersistenceUnitInfo [name: default]
2026-01-06T15:58:06.055+09:00  INFO 34024 --- [           main] org.hibernate.Version                    : HHH000412: Hibernate ORM core version 6.2.13.Final
2026-01-06T15:58:06.058+09:00  INFO 34024 --- [           main] org.hibernate.cfg.Environment            : HHH000406: Using bytecode reflection optimizer
2026-01-06T15:58:06.552+09:00  INFO 34024 --- [           main] o.s.o.j.p.SpringPersistenceUnitInfo      : No LoadTimeWeaver setup: ignoring JPA class transformer
2026-01-06T15:58:07.851+09:00  INFO 34024 --- [           main] o.h.e.t.j.p.i.JtaPlatformInitiator       : HHH000489: No JTA platform available (set 'hibernate.transaction.jta.platform' to enable JTA platform integration)
2026-01-06T15:58:07.919+09:00  INFO 34024 --- [           main] j.LocalContainerEntityManagerFactoryBean : Initialized JPA EntityManagerFactory for persistence unit 'default'
2026-01-06T15:58:08.446+09:00  WARN 34024 --- [           main] JpaBaseConfiguration$JpaWebConfiguration : spring.jpa.open-in-view is enabled by default. Therefore, database queries may be performed during view rendering. Explicitly configure spring.jpa.open-in-view to disable this warning
2026-01-06T15:58:08.976+09:00  INFO 34024 --- [           main] o.s.s.web.DefaultSecurityFilterChain     : Will secure any request with [org.springframework.security.web.session.DisableEncodeUrlFilter@64aad809, org.springframework.security.web.context.request.async.WebAsyncManagerIntegrationFilter@1f03fba0, org.springframework.security.web.context.SecurityContextHolderFilter@61bfc9bf, org.springframework.security.web.header.HeaderWriterFilter@57435801, org.springframework.web.filter.CorsFilter@17dd671f, org.springframework.security.web.authentication.logout.LogoutFilter@25673087, org.springframework.security.web.authentication.www.BasicAuthenticationFilter@3c78e551, org.springframework.security.web.savedrequest.RequestCacheAwareFilter@329bad59, org.springframework.security.web.servletapi.SecurityContextHolderAwareRequestFilter@178f268a, org.springframework.security.web.authentication.AnonymousAuthenticationFilter@3bbf6abe, org.springframework.security.web.access.ExceptionTranslationFilter@707b1a44, org.springframework.security.web.access.intercept.AuthorizationFilter@65f651eb]
2026-01-06T15:58:09.346+09:00  INFO 34024 --- [           main] o.s.b.w.embedded.tomcat.TomcatWebServer  : Tomcat started on port(s): 8080 (http) with context path ''
2026-01-06T15:58:09.362+09:00  INFO 34024 --- [           main] com.example.menu.MenuApplication         : Started MenuApplication in 6.433 seconds (process running for 7.054)
2026-01-06T15:58:20.990+09:00  INFO 34024 --- [nio-8080-exec-1] o.a.c.c.C.[Tomcat].[localhost].[/]       : Initializing Spring DispatcherServlet 'dispatcherServlet'
2026-01-06T15:58:20.991+09:00  INFO 34024 --- [nio-8080-exec-1] o.s.web.servlet.DispatcherServlet        : Initializing Servlet 'dispatcherServlet'
2026-01-06T15:58:20.993+09:00  INFO 34024 --- [nio-8080-exec-1] o.s.web.servlet.DispatcherServlet        : Completed initialization in 1 ms
Hibernate: select m1_0.id,m1_0.code,m1_0.level,m1_0.name,m1_0.parent_id from menus m1_0
Hibernate: select m1_0.id,m1_0.code,m1_0.level,m1_0.name,m1_0.parent_id from menus m1_0
